tylznsiqm tylznsiqm tylznsiqm tylznsiqm tylznsiqm tylznsiqm tylznsiqm tylznsiqm tylznsiqm tylznsiqm tylznsiqm tylznsiqm tylznsiqm tylznsiqm tylznsiqm tylznsiqm tylznsiqm tylznsiqm tylznsiqm tylznsiqm tylznsiqm tylznsiqm tylznsiqm tylznsiqm tylznsiqm tylznsiqm tylznsiqm tylznsiqm tylznsiqm tylznsiqm tylznsiqm tylznsiqm tylznsiqm tylznsiqm tylznsiqm tylznsiqm tylznsiqm tylznsiqm tylznsiqm tylznsiqm tylznsiqm tylznsiqm tylznsiqm tylznsiqm tylznsiqm tylznsiqm tylznsiqm tylznsiqm tylznsiqm tylznsiqm tylznsiqm tylznsiqm tylznsiqm tylznsiqm tylznsiqm tylznsiqm tylznsiqm tylznsiqm tylznsiqm tylznsiqm tylznsiqm tylznsiqm tylznsiqm tylznsiqm tylznsiqm tylznsiqm tylznsiqm tylznsiqm tylznsiqm tylznsiqm tylznsiqm tylznsiqm tylznsiqm tylznsiqm tylznsiqm tylznsiqm tylznsiqm tylznsiqm tylznsiqm tylznsiqm tylznsiqm tylznsiqm tylznsiqm tylznsiqm tylznsiqm tylznsiqm tylznsiqm tylznsiqm tylznsiqm tylznsiqm tylznsiqm tylznsiqm tylznsiqm tylznsiqm tylznsiqm tylznsiqm tylznsiqm tylznsiqm tylznsiqm tylznsiqm 
