??L?B?????B??????L?????????Bn????????????????BB??????????????????L???L??????????nB????L??????L????????????????Bn??B???????????L??????B??n??????B????????????????????L??n????????B?L????????L????L???????????n???????????B?????n?????BBB????????n?????B???????????????B?????BB???B?????B???????????B??????????????????n????????????n??Bn???B????n????????n?n?nB????n???B?B?????B??????LL???n?L???????nL??BBB?n?????n????????n???????B????L????????B?B?B??B?Bn??????????????????????????????n?????????L?B????n??B??????????????nL????????n???????????????n????????nBB?????n???B?Bn????n??Ln?LB???????????B?????????????n?B???????????BL???????????????????B????n??????????????B??L?L???????n???n??????????L?B?BBB??????????L???L??????L???n???L????BB??B?????L????????L?B???B??????n?L??????L?????L????n???????n????B??n???????B????n???nn?L????????Bn?n??L????B??n????n?????????????B??B?????B???B??B??B?????L?nn?????LBB????????????B?n???B?nL??n?????n????????????????n?????B?????B?n?????L?n????L?????????????B???L?????????LB?????L??
