???????q?7?????????7????5???????????????5???q??q??????q?P??5???????????5????????????5??????q?q???????????q?q??7????????P?q???5?P?????7??????????5????P??5q???????7????????5Pq?P??7?q??qPPq??????????7?Pq??7qP?q??5?P???7?qq?????????q???q??75577??q?????7q??????????????????7?P??P?q???q?q??5????????5???7????????????5??????P????P?5??????5????????????q?5P???????5?????q?5??7?q?Pqq????????q?qP?P???????7??5?5???????????????????7??????5???PP???????755?????????5qP???7???P??q?5???5????7???5??????P7?????7??q????q7?57????5???q????????????5???????P???7??q?q5q???????57?q?????5???????????????5????5?q??7????????????????7??q?q?75???????Pq?55?q??q?7?????q5??P?7?5?????????q?????P5q?P????75??7P???7??????????q?q??P??P????????7q?7?P??????q????7??7q??55??q5??5????755q5q??????5?5???q????????5???5?P??q?????7?????????????????5?????????P7??q7?P??????????P7?P???7??7?P?5????7Pq??qq??7????qq?7???7?????5??P5?????????5????57?q???7??????????????P?????P5???7???P???????55?5?5???q????qP??5???????q?P??PP?P??7??7???????P?P5????
