?O?O?f2??2O???????NqNN??q?T?O?Nff?T?TT?O???????fffN??????N22N??NqfNTO??TA?2A?Oq????qq2?TO???Oq??2?NNOTTO??????f??T?2??????2?ff?Of?N??q??qq???Tq?fN??NO?NO2???????????A??Oq???O??f?T??????fOO??TfNO??2?AO??N??2f???2?q????Af?O?f?T2ff??T?OO?qOT??qqq???TA?AAT????f??TfO???fA??q???T????N2?TO??A????fN???fqf?ON?2??AqA??f??OT??f??f??2NN?T?q?N??qA??T2Tf?2?????22????2?NT??2?OO???fA2??A?f?TT?O2T????qq?A????O??T??T??2?????2?????A2????A??NO???NO??qNOON????q??N???????q?2N????T2?NTO?NAO??qT????f??ff2TN???O????OT???OO??2qfqA?f??O?A???A????A??OT??Tqf????O??O????NA2??????A?qT????N???f??q??22O?f?AT??qAN??2AAfqfN?qOTOqT??????2f??NNOOT??TN???2?T2??2??N??q???f?O?2?T?O?ON?T??2??fA?2?????N?O??ON????Tf?O??T?qO2?N?A?A?2?ATfqq?????T?AfO?T?N?qO??Aq?qf?N???NN???2?????q?q?q???Tf???T?qq?2?q??A?q?Of2A????A??Tf??T?2qT?Nqq??N2?f2??T?fT??ff?T?2Nf???A??AT?????T????f2?AfO????q???f?qf?2?TT???fN?????????A2?TNOAq?2?????????ON?f?O?fON2??f?NT?Af??q?NO???q??ffA?NT?T2????q?q???N?2NAqTO??qNA?OfAq??qN?fA?A??NN?A2N??Tq?fNA?N2q?qO??????
