LMTj?tji??Mjj?i?T??LTWH?YTWpYL??W?LL?HjL??YMiUTL??Wp?H??LWTT?tYTjT?M?TM?W??H???MUMTT?p?7U?jMtHtpWM7??Mp?pt?TTpp7Wj?HMT?pH??LHtH?LUjLHpW?7iU?MWppTj?Wj?7pW?iTU?Y??HYpY??p?H7i??YUTYML?LU??HH?Hi?HL7??M?Yp?YWH??UTHWH??YpT??7H?WjjUi??YtpM7Wij??HjLH7WH?jWjLTMtLTMiU?UiT?pWMTTT?TtYUjYYp7jLTt??7?LMUpi???L?WMLHL7pTLitT??HW7LL?WMWt?HYY?pM?tL?YHML?W???YH?WH??L?j?ippUY?LUp?L?7?TpjLti?pLi?iHT7?7?t?THL??W?j??T??HUUT?ijWjiiHtLiWt7?W7p?HM?pMU?7?iUTijUjLpT?p?TYLY?MTM?M?Ltj7?MUtM?ipjTYUUW?UYi7?7?LLtt?ipUYU7TMLLY?tjHp??WHtMYt????TWM7?YMT7j7?WU7?i?jHMHi?UMYHpYp?i?TiYL?MM?U?YUMi??YMtYHjLU7Mp?T7UT?j7MY?jptitUM?HWiMWj?Up7TUtj?T?HptjiWtH??UY?LL7T?7?7???HipT?L?T?YUt7????MWLLp?tM7W?YLLYTUU?tHj?W?Y?tMYj?pjYj7ij7t?Lippi?LL?MUTpY??Mp?pUL?WW?7?W?M?tptUYtMHpTiTipp??LHMjt?pL7Y7U?YiWWUi?iLt??j77WpUjtHHtiWMii?tjjt?UpH?7?tTpiiW???jt?WY7?t7i7?LpTtYWHMptMpLpUtLiL?MMiH?T?TUYLtjH??ip?HYH??YY7?LH7H??MY7iH??i?tjHU??LTiTUHMji?7WYTWMT?7??pH?jTj?LLi?pL7i?p?ijptpUL?UW?pULiH?UMT?LMWt?LWT??jLL7MLTUjUjULiLjtYLHWUM?tLM?UppiW??Tj??W?MLY
