??qvAfqevT9YeYxe9TvT2vx2Z?7xA7Av2fVTxeUfqkk?fevYvU2?UT7kA?YAZq72?ZVv9T?AVxkxAZ7AVkfZAx2Uv7xfAZqUqkx2ZxTqUeTT?ATZ2YeZfef9fZfk2VfTeUAZTVvf2UkZ2TVVq9Af92ZYT9k7A9?fxTYTe29V7UkT?7UAkU2qvT2YfYTTfxA2ZZUUxxk9UUeq7qZ7Z2xT?qvv2Av9xZYqkqfVf7A7fTUvqqYZY9VvUYqe7vkvqfTk7Yk72Vev2e9AZ?q?77k7?AY?ZUTx2vVxfZAkevvYfAVfZe77fY2UfYeU7fV2efTx7TeTUUfZTqT72VVAkfA?YqeVAq7k2vAAZvYUVUTYq?ZvqT2T9VY9Yk7xxkv72qYYUYqV2xekkfTZ?2922xUUTTUVkVUUqZZxe7Y2keY2Y?e2VqfYxZf2A7qVAUATvVk?vYZ?vVfYT7kZxTA?79ZZ27xf2fqxfe?xTeeqfkveVkxvv9v?ZkAUekAk?9VUkvfvxf97VvU9k?x2eq7AUUfk9?2vx9ZqkqUvveUqYqUUqVV?VvqYeYUY??9v?Tq7U2TYVUYvk?TxvY?qxxvvY?VVvYA7fvvf2e9f?Yq72Y7xfZxkU9vY?2ZZ7fAxqv7TTkvYekTf?xTkT7YAxf7fV9eUTxZTkAqk??2ZT9Yqxx9Z?ZZ7YeU7eVeA2xe7k?kVYqVfV9qUUxV22U2AZ7ZTVUkexf?T9??79UTxV7kUkff2q9xvevkx2q2Zvekxev9qAZZxvv2A?Uvk229kUV9TYk9T9v9xq7U2q?AAqU?v299fTvk77fvAV9vAkTAVeZeVv79TvYvTZAqf9v9ZZvvqUYqAT2AYTUTY72Zx?fkZqvvTV2V?9Zv2UveUTU?777UqAxTTkT??q7YUT2xZAUqY2Zf9xV??UfU9qZqqv27Z?TZfqTTUVxA7ZZT7x2V9?ekqT2AveVqAvqfUZqvYeV2?T272exVTkVVA?2eq7qV?Y?Af
