3?????3?????3????????3?3??????32D?2???????????????????D??2?????D??????3???3??D???D??2?????????32????????????3???????????????D????2??2D????????2????2D3??????????3?????????????????3????????D??????????2D??333??????????2???????3????2?D????????????2??3?2?D???3???2?2?????3??2????3??????2??????2?????D??33????3??????????2????3?D2????D??????3???3??2?????2??D???????????3D?2?????D????D?2???????????????2?D??D??????????????????2??DD????????????????????????????3????3D?D??????D3????????????22??????D?????????????2???????????????23??????222?D?3?????????D?D??????2???????D????????D?2???3????D3???????3?D32D?????????22?2???????22D????2???????????????3?3D2???????D??3???D?3?????????????????323?3??????????????????3???????D?????2??????D????3?????????D????3????DD????????D?2????????3????????????3?2????2???????????2?????3?D?D???2?2?????????2??3????D??3??D????????3??????3?3??????3?????????2??????2??3???????????3??????DD??D??????D?????2????3???????2????????????D????23?3???2????????????3?????????D3????????2?????????
