??A???s?????????????s??????A?B??A?????????B?????s?B??B4??A???????AAs?s???A?A?sA???A?s?B??A???????4????AB??????4????s?s?????4??B??4???4B????B?A?????????B??AAAB????B??BA?4???B?????????????s??????????BB???????4B???BB??????A?s??4???B?B?A???B??A??B??A???s?4???4???4BAB?B??4AB4????ss???B?????????s?sA??????B???????????????4?s?????A??s4s?A??4BA???s4?????????sA?s??A??4????B??s?sA4?BAA?????s??BAss???????s??A??????4A?B???4?????????AB?B??????????s????sB??4?s4?????????4??????????s?????4???????s??s?sB?????????s??A?4??????A???A???A?B?????????????B??s????B?A??4?4A??s?4B???????????B?4???s????s??????A???A???A?????sB?4As???s???????BAB?44?????B???A?B??B????A???????A????B?4s??4??4s?ss?A?4A???As????A????A??A??4??BB????????????AA??B???A??????????sB??4A?????A??4sB?s??????????4??????4?AA?A4??4?4?????A????B4A????B??4B????s4s???4A?A???AA?????AABB???A?AB?ABB???A?????B?B?4?B?4?s?????B????????4??44???B???s?????4???????B?4??A??sBB????B?????4??A???B??B??4???B?s?s?4?????B???4?4??A??A?4AB???4??sB??4???????A?BA???4??A4??
