??i??c?X?Er????r????c??m?i?irEX???c??????j???r?????m?Xm?E??r????????r??j?????mi???j?????i?Ej????E?r??m?i?????m?r??????i?????rm??c?i?r??c??j???jj?c??r??r?????????X????jmc?X?i??EEjrj????r??i???E????j?rr??c????c?j?????ci????c??iXE???j??E??mX???r?r?c????c?ri?c?jX??i??ir??j??c?j?c?Xm?jm???j?c?X?????ic?i?j???????mji?r??jXmii?ic?mm?i?r????E???i??m?????iX?mX?E??m?X?cc???r?X?rm?m??Xir???????ccmjE??Ei?j?????m????j?j??r?cc?E???cX??EE??r?rjX??m??rm??ij??jj?Err??????r?mX??m??ji?ijXX??????j??r????ij??XXXXi?r?????mc????E????i??i?r?Xj???r??r?i?Ei???i????Ejjrr?????Xc?ji??X????jj?cE???X???rEr?EX??cc?c?m???X?rXc?jm??c?c?jjmE???ri???Ecm?m???X?????mjc?i?E??E???E???i????Er??j?jri???i???????jj?jj?Xm????????E?c?rrm??j???ii?ii??ErrjX????X???ji??cE??r???m?cm???????c?m?r?i?m?jEj???rE??r??mXi?m?r?Xi?rX?mr?rE?XX???m?E?ri?jc??E???j?cX?EmjcE??c??i??jEcE?c??r??????r?X???i???j?ic?iEjj?E?E????i??X???E???????Ec??EmEciEim?m????rcmc??X?rEE????ji??E????irEj?c?j?XEXiE???mc?i?m?c????????rE?i?i?EE???i?m?cXim?c?i???EE???E??iX?
