?k?A??l?aWHkkWw?7sMHwA??vWklAHavMHlWltvA7HHtswWl?kWAlAkMMA?tAtl7?M7vsv?tl?w?HMwaMlMWaskMvkt?av?7?HwWWwAl???v??W7vMk7A?vaMkatMawa?lMaav?H?Aas?wAHMwvWHvHM7HMvw?swal???w7altH?k?vlst?wll?v?wtw7wllHs?ssH??AkHW77?wava77wMH7??s??7?7?ll7?WvH?M?AtAM?????HwaAla?kvtllHl7tAv7?Wlvv?a??lw??w77aalMMwHll7sMwW7Ww?Halllk?Wl?7?MlW?lwlwtM?7a??l?Aa?ta?v?WkHtW?AatWasMl?lk??7Ms?HtAltMkAWvWkHtM?AsvMAt?7v?A???ww?sv?a?aA7wtWtAkMaHl?W??????ts7s?Ml?HHAvHltWHwav?klWt??wkvWw?lw?Hkvsl77?w?7tktt?M?tHl?AaAs?7H7HtW7wMtwwa?llW7W?tk7?M?twst?A?kAM7HH?H7tss??sl?M??W?v7s??wvl?ta7Hv??ktAHlv?k?lWl7???Aatk7k7MWMA?a?vWWk?7lv?Hv??lHl?A?t?M7wavv?Al?A7HM?A?vkvMtM?vt?lWwWlMsstAM?wWtHA7??vH?AMAA?HMl?W?vAwtw?wk?v?atWHHk?sswWavkMtvtv?7askwttllttM?kA?HkHAa7l?kwM?lskwWs?wvM?aa?v?7??v?ta7lvHtl7lHH??MWHM?7tkvA??kkws?st?Hw?A??a?s?lkv?v???t?kws???kAv?Wl7wk??sw??wlls??wsMkAwswMA??WltAvMaAav?MM??Awatt?7lwwwt7aMAvkAl77ss?t?k?tksv??s???M7H?vl??vs?AwW7AaWw7??AWkHwAWlH?v?t?t?7wsHswH?Avwa?7l?lMMl?AklttM?wWll7HkWw?M?lMk?kkWkvWa??7atH?M?tlAtv?kt7v?s
