KtzJzc2hctKhR??tchYY2z?KtzcK?chYRK?JchMYpYQ1KK2RMcJc2zJQK4Yt?JchtYpJccKrhQ4rrrMMrMcYMK?h4r2YQRrMRQRMhJcpK4zQpKh1Yt?htK44YY2KRccrpR?Jp24p2cz1K1ppK2tr21?tpKKhh2hMJJptJ?4htRKMp?rJRYMRctRhJKMRRYM2MK?YKRJR2hcrttKKpYJ?htrJc1MJcRR1?YtRz2tJz22YprzJhJ1R1QtM??KJhc14?1QYY1M1hKRRQQQJh2JJQQrrhMKt2Y4z11?Q4YJcRhp?KJzJcQ41pYcJMM41z?11h?MJMY?zt1z?2KcJ2Mr1M1Mt4cQppz1YctMh?zJ2rc241zhctQzhMrQRh1Yr2RYh1RKz1QhzKch1t1KK4rrh121zr1JJ?Jhh?RYpQhpRJMpYQY?pYrtJKpzpzpr24?2RpKQKMMtrrQK1?MJYJhrKR?JrpKYp?2JY2J?JY14tRMQrzpzQcp1cz4czhth4zpr1t2z41R2QQch1JYRzQ?pYrRhYKY22hKcR?KMR1R2QYR??1tKpchRt2Yct1Y?QYJhpQQRYKzhhtMMRY2QKMKQ2Q1tYJYY?1QppR11cKRt1Jh4JQrzMthczhhc2cJK2R4R2zQ421?c?hYRMRQKtKzKKQ4QzrYzKtKztpJhY2JcY2RY2KtQpzM1rhzrKRKMKJ2M?4pttcYY4ht1zRcKJ?KRYJJprQhhRcQ4?R?QcpYhJ4cYcpRRrQJ22R4MhMMQ1YR?K4JzYcJc?4Qz4QzMtYcpY4YhrY1QYM1ttp1crJJchz2pY4J?4MR?Y?JpYt1ppKthrJrc?rQQhpzc212zRQc?J11rtpRYzp?2Jrz?rcKzhJ4?KQzrMJrQ4rtzJQRp24hc1QKrMYt4czMr1RMJK2J1pMr21tp1Rh24h1cr1zYhMKKRpcQz2r2JYpp?YK?pc1MQ4RRc2rQY1JJJzJJYQhMppYQR2Kt4Yzth4hRcz?M2h
