???xr??????x?I????I???????????I??????rr?????xx?????Ixx???????????????????rx??x?I??rr???x?????I??????x??I???rrx???????I??????????????r????????xx???????????x???r??????xI?I??????x???r?r??I??I???xx??????I??????????????x?Irx???r???r??x????I????????I??r?????????x??????????????????xr??????r??x??????rx???x??x????????????r??I?I???I?x???r??????r?I?II?rI?x??I??????I???r?x???I?xxI?????Ixx??II??I????r??????????????r???r????x???rIx????????r??I???????????????r???????x?????????r?????r?x??????x???I???????????x?x??????????x???????I?????????xx??rx?xI????I??I???????I????xII?Ir????rr????I???r?????????Ir??????????I???rr??????r??????????????????????????????????I??????x??x??????x?x??I??I?rrI????????r??????????????Ir?I??????I??I??x??II??I???????????????x?x??????xr???rI?????????r???I??????I??r??r??rr??r?????I??r???????r??????xrI??????????I????????????????????x??????????I????r?????????x??r?????r??I?????????????????r?x????r??rx???xI???I???r????????????????r??I???????????r??????I??????xr??????rxIx??x??????x??x??I?
