?????????O?l??????????lp?????????l???l??Ol????h????????O?h??O??????h??p??????ph???pl???????O???????????????????O??????????????????h??????????O?????O?O?h?h?p???O?????????????p??????????????p??O?O???????l???????lO?????lO???h????l???p?l????h???p?lph???p?????????ph???hh??lO??ph????pO?l????h??h??????l????h??????pp?l?p??p???OO?h??????????????hh????????O??????????p???O???hOh????O???l??l??h????h???O??????l???l???p???p???Oh??O?pl?O?????????p??????p?p?l?????l????pp??p????l????OO?h?p?????????h???p????OOl?????????????p?l??????????????l???????????h?hh?????l?phlh?????????l??O?????O???h????????????O??pp??l????????????ll??h??????l????l??ll?pp??l??ph?l??O????O?l?????hl??p???l??????l?p???????????????lh?l??????????O?????????p???h?l??????????????O?????l???????phO?h????????p??O??O?O????h???p??lO???????p????OOO?lpOp???O?lhh???O?????h??pl???h????????O????p??O?lO?????p?O?h?h??O????p?p????l??p??Op??O??????pl?????????pO?l?lO?ph??hp??????O??h????l?p??h?OOl?p?O??hh?????????h?hO????p??????????lOh?h????h??O???p????
