?g?JXjX?T?T?7??g?G?X?ggJ?G???G?7g????7????7?XG?G7gj?g?j?gTg?X?J????????JTjJJj?X?X?XG?????7??GJ?7Tj??J?7gGXgT??????Tj??g?XX??X7jJ7???7?G?7?GXX??JJGXJXXXG?7???gj??TT?7??g???jT???XJ?j????X?jjg???7X7?j???J?X???jJJ?J?T?XJX??7????X??Jg7XJ?TG?7G?7GGGj???GG?j?X?G???jJ?j?7J???j????T??T???g???7?7?T7X?J???T7?g???gT?G??j???J7?g?g?j7?TTg?g?J7X7gTT?77?7G?T??JTX??X???TT????T?g7jGgGTj?X77?G7j???XJ?j??X????????X?X???Tg??X????????X7X????G?????GgT?XT???j?GT?Tg?TgJ????????Xj?????7?g??J??j?TJ??jg???j???????7?Jg????T?TG?gjGg???g?????TXT?g???T??Jj??X???X?7?7?gX???gggX?T?Jg??TT?jj?J?T???j???J??T?7????jT?g?JGgJT????G??7?G?JJg??T7??X?7?g?T???G7g??j7?7?Ggj?j?j???7??????j???jg??G??T??XX?T??G?GT??g?g???j?????X??J??TG?Tg?XT?????G??T?J?XXX?jX?J?GT???????JJ7TT?X?T?Tg7?j??G?X??TJT????j??JT?J???????G?JG?Xj?T???7?J7XXT????XG??j?J??G????G??JX?G7??X??7T???TjXJ?T7X?X?J????T??????7J?T?j?g7G????X?7??G?G???X???T???J??7?jjX7???????JGTJ????J??7J7???X?T?G??jTGG???TX?X??????????X?7Xj?gTg?Tj??gGX?T???g????J????7XG?JJ??GJTj?GT?J?7J
