gNt?c?g??pr?bYsbdd?UtbsY?drYUN?YNbs?td?ddr?Y?N?ts?N?UNU?s?Yr?rFstp?pN?gsdNpFYUbp?gYsst?cb??b?g?tc??b?rpd?c?Fcbd?NUNYYFYppF??grr?sdttbNNY?cNNcYUNYU?YN?FrpFNFgrbbgdggtUbUs?bNrrtpg??tNYtbUcYN?gFFrsU?scs?t?gFpr?rUU?UUF?UY?YYNsbNUYg??r?N?sp?t?YctbYr?pdYNd??t?c?bp?bbp??r?r?F?UYg?Uc?p??tgcbYpUdpgpU?dUdrNbdgpN??gc??gN??bsUFNrtd?NNcrs??Y?ds?cb???Ubgd?gbsr?UgcrdgY??b??g?s?prgs??sc??rg?tttrF?Y??YN?NrpcUNFYtgrsFsNpcbgN?tUNbtpt?tgt?Ft?N?FN?tY?N???YppNsprYgg?tgUrgscsFcd?sgNFN?gFcs?s?tpcscYgpt?U?s?rt??s?g?YFcUdNYUcNrcpNpFbrt?d?b??bc?ssrYNb?bUdgdY?cgFbgdtpg??Ftg??NY?tNts?cF??Frd????crYNgFNFFtcY?NsN?dFdg?dt???Nbr?b?rrF??br?Nd??cp?UU?pFbc?FFt??U?FbYsFYUpp?YNbgNstt?g?Ubrr?Y?N?Y?cgtF?UN??tYN?rgbNp?pYU???tbt?s?FtYUg??cYNc?U?Ft??gFYFdg??b??gF?sUtY???bsctgUrdFtUr?p?tFbcN??cgYNbtbpF??gFFNtpsrpY?g??c??FptFd?st?rNsNgU?FsspFUp?btbtcpgpYF??sY?s?FUYN?NYgbbt??cU?U?ddgpNg???YsNFpNt?t?ct??Ytd?g?t?rsFbNsd??cs?cUF?NdNr?pbU?tUdpY??g?rpd???F??btYpNsdYsc?btd?sdbNFc?NYt?gbpUU?FbbNpstdgpgbFg?UdrttNdbddUs?rbtYrcU?NprYrrN?pc?
