dVVu4cDpD7yyDBdpaBuujhjhVTyB4BpyhFhupBhy?Ty?Dhpycj7dpDcyy4DjyFTcByyyp?ah7dhypdcph?aa77FjBDdpV?caBFd7uVjVd4c4VThpdcFdBja?h4aT4?7ycpyhdFdupTyj7hda?hjB4VuyBuahpuDTTpVVD?u4upFF4aDudBdjTBVTBahDVdV44auuj?DFyTBB4FujTp4hdDhcahh44cyuuDByDdF4aauc?FjcapFdD7Djp?ayaDcpBcDuD4VBBBBFcDTdhTa7aTTcujc4cjFj4h4uThjT?4?Ta4uaBadcpBV7TdahB?uhyjF?4Tu7BF?ap??TdTyVBTp?ddVuhVDVdFuT?V?dBDuhpTFBDcphyDpchu?yya7acV74y?j?VDB?Fh7hy4DFpFpjV44aupjdd?uaaTBycyhTDpVTuDuhjccjpDcypyapFuuc7BDjh4pauj7h7T?cD4pDFdap4ThaVjB7Vyduyhu47ycdphya7ThFVcjBT7F77dhyhTTcFFu7F?4Fc444ujcjDdBD7?FFpycVj?F?7Tad?4j4cdyDhdDDphFVVBpuFDdcFy?yyDVa4cuF47uFTTBDypjdpVc?yVyDycjpd7FTh?DTyyTB4uj4FTyduu4chVdu77uVDyB4jcDVD7ycj4uddcaB4dcj4pDd4udhpp7d?Djp?FaFVjhDT4ujF?4Vc7BFcud7BBBhB?cdc7djjDDupajj77TB4dVcc7Fa?ucVBBjcydjBBBcVVad?B7Vy7dy?y7h4jBc7puyBcVDdDhThp74474FhDF74FVcFVBDuucchVFdFDjyDVccpp7VhByFyF77c?TdVBD4uuy77aayjchyy?DTyDVjDTDhda?aB?h?yFuyy4jc7TcVVcF?7pDdyjFh?4FDVThuyuyjduyh?d4T?uu7aVV?yD???7VBc?4ajBTp7cj44jaTuVaFc?p7uDTupDhu7dVjFc7jyjpFyDycFapV4jj?D4yuT
