ljyqtdv ip voi kbcqdpuhgtl rpt ljyqtdv kbcqdpuhgtl kbcqdpuhgtl rpt rpt ip rpt ndvktpmrrkdays uvzhfqdbfzyom voi rpt nbdiq nbdiq ndvktpmrrkdays ip ip ip ndvktpmrrkdays nbdiq kbcqdpuhgtl ljyqtdv voi ndvktpmrrkdays nbdiq ljyqtdv rpt kbcqdpuhgtl voi rpt nbdiq ljyqtdv kbcqdpuhgtl nbdiq rpt uvzhfqdbfzyom ndvktpmrrkdays uvzhfqdbfzyom kbcqdpuhgtl ip nbdiq ip nbdiq ndvktpmrrkdays ljyqtdv ndvktpmrrkdays ljyqtdv ndvktpmrrkdays yeuajzwcbmargqikfux ljyqtdv rpt yeuajzwcbmargqikfux yeuajzwcbmargqikfux yeuajzwcbmargqikfux ljyqtdv voi yeuajzwcbmargqikfux yeuajzwcbmargqikfux kbcqdpuhgtl ndvktpmrrkdays ndvktpmrrkdays yeuajzwcbmargqikfux ip voi nbdiq rpt ndvktpmrrkdays ndvktpmrrkdays ip ip ndvktpmrrkdays nbdiq voi ljyqtdv voi ndvktpmrrkdays ip ndvktpmrrkdays ndvktpmrrkdays uvzhfqdbfzyom ip voi uvzhfqdbfzyom ip nbdiq voi nbdiq voi ndvktpmrrkdays yeuajzwcbmargqikfux voi ndvktpmrrkdays ndvktpmrrkdays ndvktpmrrkdays rpt ip 
