?IVHX?B?VXH?T?X??im??B?TBT??z?Iz????XVIzz????BVVBHHm0???ii0IiViIX???IVz???X?0?X??I????X0?TH0??0XImIB0zB??zX?T?Xz?TImH?X0?Hmi??Xz?z???z?mT?0TXi0?H?HB?iHBX?VHV?Iii?zi?mHV??H?IVz0V?m?V0??XI??IV???XITX?Vm?VXBVB0zX???Bz?H?0Vm?m????V0?Xm?m??VI0zTi??Xz?mBzmBHz??VIHXV0??mTTH?XIXB0IiimVXT?I?XVVi?BVz?VTXHX??Xz??Vm?Hzi?z?B?i?I?I??I?TmV???Vm?X?BV?zViH???z?imV?B?zX??BizT?z?H??imm?T00m0T?I?VV???TT??IH?B???B?BIB??Xz00VIzmmmzXTXVTTBXVIBz?0?X0m??iT?iiHH?mVIXmm??IH??mB??B0V??B?H?HHV?zi?0zTBmXHV?T???imi0?I??i??VT?I???????X?IVXBB?mzT?0?mmi??0??mzXzI?I?I?i0Bi??XVT?X0X?B?mVzTV0zHi?imiT?zV??B??mIH?0?m0?HIBz??V?BiH??V?H?B????I?i?V???mm??XVzm??i?H?iB??XzX?z?iI0Hi??ViHBXIX?BBV?T?X?II?zzHT0Ti??iXXzXH???B?VVi?zVHB0V??iXB0BXT??XI?IiiT?BimTm??IB0im0?0BVHHHV????m????Hm?mim?XX0TTiX?i?Ii?B?T?T?V?????B0?iHmmX?m???00HIB?V?XTITz0??zViXIm??m?
