???moOqg?q?c?9cwg???m?q?E?g?Ow??QoEE?OoO?EQg?o?O????Q?EqE??99??owpmE?O?E?qp?ogw??Qm?O?wo?Qw?O???E??E9m?Q??oEq?ow?qwg?occ?pp??Em?pgO?OoEqp9pqq??mEOqQcp?cE????Oo?Q?gOg?c??mQcqOmEmEqpm?pocO?cwgcpcQ??EEo?gQpwoEO?O??Eq?Eog?c?qOow??gOQ?p??QmqoO?q?o9O?owO??9?p?9o???E?p?9?9oEwE??pEwOoEq??qOog?m?m???wwgp???p?cq?9?OEpQwEcE?O?Q??O?Og??c?c?qOwgcEE?Qm?gcp9?E?q??m?mmgE??wp?gOp??m?E?9oo??gc?p???og?cQQm?9?cgO?pmoOE??oo?EEqgoc?g?m?Q??O??O???wq??q?g?OggpcoE?pc??gwQOo?ocg??E?Ep99p??q9E?mQc?cQoo?Qc?OmQ?9?c?QcQOqQ???o???go?QoQm??w?cpm9QQEE??qO?m?Qp?99?OQq?mQ??qEq9??o???Q??m??qm9EOoQ?E?mqowq?m?9p???w?gco?o?p?c9gO?oqow?c?Qq?w9m?Q?Q?ccw?w??c?Q?om?gp??mm??pcOQ??EOEwomg?Em9gcEQ??Ew?????E?wq?pcwE??gc?mcmO9mEOo?Ow?q???cgqQQE?gwO??w9?oqcpQgO??g?mpqqowoq?gm??gwo9wq?wp?E?c???Q?cp9woqQ?Q9EQO??qo9O?QOoOg??owm????cQ?gOgEp?pg?9ow9w?m?O?ccOmQwmo????gQEomqO?wc?qpoc?EwwEoQp?99?O?9wQ?cO?9o??pqQ??g?gE??wq
