???????PDrZD?Pd??D???DPp?r??r????rP?r???Z?ZpdPPMZ3D??DPdZ?3?Z?P???3?dP3Z??rd??pMrrp?????Z?r?dr???3?d???P?????pddMP?prdr???M?DP??3??????rZ???p??d?3??????D??Z?????D??M?dM?PrMD?PPMD3??r???pM???Z?pMrp??3p?d??PD?PpZrZ?rM3Zr?M?rDD???Pp?Z?M????Z?d?pM???????P3rrDrDD?d?dDdprD???PZ?????DZdd?3D???rMd????rpp??Zr?DD?MM3PZ???DP??P?d?3?dMdMr??????pD???P?M?ZdDPpD?dZrZMPp?rZD????DrZ?3p?PPM??rp?M?D3???3?Mp3?PPDrD3??D?d??r?r???Pp?d?3?d?P??rM3dr??MdPZZ?rP3??DdD?p?M?Pr??p??p???r?r3???r?3P??M???PddZ?rD?r?M?MDM?d??M?M?p???DZ????3Z?r?Dr3dZd?Dr?p??p?3?r3MP?P????rdZ?P??DD???????P?p?d3dD????d3r?P??Dprp??P??PPZZ3Z??D??Z3?p?Dd?dr??3dp?DrPp?p?D??3ZM?P?Dr?r?????P?????r??????????3?PP??P??p?M??M?d?????DD?r3Pd?M?DZ??P???MD?PP3?rd?3?ddP????D?MD?r???ZP??D??p?P??r?3rdPM3PMZr?MZp???Z????d?Z??M??MM?MP???d?D?dd?MM3?P?ZP??3ZM??P?PM????Zr?D??P??d?dP?rPpMr???D????PM??
