?kX???qq???R??iH???a?H??k??i????kcHXaqaR??aa?iq?Hq?i??cHR?cc?i?H?ikeXiHqc??Hk?ieq??cRqcki?Hi???R??qX?q??cHR?H?H?cikH?a??Raq?H???q?RXqcck?R??e??XRXR???cRa?i???R?HHH?Xq??q?k??a?acHa?qRac?R?iX??ak???Hc?eX????RX???cHHR??ea???k??????k????R???Ri??Hi?cqec?ei?H?Xcq?Hei?ick??kHX?ik??i???X?i?HXaq?kkqqaeHika?RacRaaH?k?XR?kk??X?ecq?eekq?Ri???R???a??ea??aRRe?q?aR???X?iH?q????????qiek??k??e?X?iR?k?c?qecq??Hq?iHci??Riie??X??i?ce?H????kRH?iiiaRe?e??e?Re?i?ik?c?Xa?ck?q?eH??i?X?q?HckaH?c?RacXX?ikRX?e?Hk?ekq???eee?X???Xk??c?HX?kXc?eX??XqqX?R?X?X?eka???iHc?e???ek?H??Rq?Xi?cX?q??cXk?iH?k??X????c????i?????e??R?????ke??kia????R?ca??H?c?Raa????Re????X?eR?k?eq??q??ciiX?RkaH????cH??akiq?i?k?Xeqakkk???a??c???Xkqk??qeX???????R??iRi?qH???ai?ke?qqqR??c?aH????RXq?qa?Rciia?cec???e??k??e?Hkca???H?cR?R??qRaReqXaik???cq??ke?k???Ri??e?ae??H???aqaai??a?????ie?c??H?k??qkH?e?qq???RaXiXaX??qXXqX?HX?RH??qkiHRXcea?e?q???qRe?X??ca?Rq???XiH??c??i?ea?iHR??eae???e?X?k???????R????qR??X?eRXcXa??kR??????k?????
