SM????S?b???7Wb?????????g???b?W?M???S7M?7???g??W??M??W????g???M??W??7?W?b?????????S?7M????S?S?g??S7??Mb7?M?WSbMS????7???????????S7?7WMg?7?????7?W?S?bbbSM?M?????W??S?M7g??bM???b7?7?g?M?g7M?????????W??M?????W?W?S???W?????b???b??7?b??b??7?Sb?W?7?M???7M?Mb??7??W????Mg?g??Wb?WSS7?7?????7?SbS????Mb?b???7?7S7??7?????S?MWW???????bW??????b????S??g?b7??Wg???????SM????bg?M???M??g???W7?S?M??bM?S?b?????WgS????gbg??M??7b?????S????M7?bWg7b?g???M?????g???MMSW??WW???Wg??????????gSg??b???????Sg7?S?W???g??gWM???7bS?g???b???g?W?b????S7?????S?????7????gSWMM?g?????7b????M??W??SS?W??W?????????g??W????b?7???W7?S??S????M?M??b??b7???Sb???W?b?S7b???gb?S???W?S7g?????7???77?7g?b?7????g????SM???SbS?7???S??????WWg???b?WbWg???bW????7b?7b?W7WgM?????7?g?Mb?W?????7?bWg?b7?7???W?b7b??W???S??b?????bW???S???M????W?b???????7??bM???7?S?gS??MgS?WW?M???MS??M??????g????g
