?T??????xx?????x??x???S?????x?S?T?T?S?x????????????TTS?????T?????????????x??T????????S??x?S???x?????????x???T??Tx??????????S?T????x?xx??????????????????????????xxS???x??T?????S?????T?????S??x?x???S??x????T??????????x???STS????????x??????????S??S????Sx???x?????????????xS??x???????S???????????Sx?????????x?x??S?x????????Sx?T?TT????????x????TT??????????SxxS???Sx???x?T??????Sx??S????????S?x????Sx?????x???S?x??????T???T?xx???????????S????????S?T??Tx?????T?????x????????T?????????ST???S??S????????S????T???S?S?????????S???????S?x??TS??????x??????????S???????????????SS?SS??????T??????S?????S??x?T?x???T???xS????????T????????S?????????S???????S????x??????????S???S??S??S???????????????T???T?S??T??S?????S?????T????????????x????SxS????SSx???????S??x????????T???????x???????????????x????Tx???????????x?S??x?????x??????????????x??????x?????????T??S???????????Tx?T????x????TxS???????T????T???????????x???T????x???????x??????
