k4HET0np04pNhpDHNNr045TH4?5Erp0DI0EkhNnApEDhI5Tkp?5NHHhhT0nHkhIIp0pINH0nNIknIkrI?kDEhrNh0r?Ap0A5E0IE?DD5hNA0rn?rph?kH00A?E00I4D5nDHAIpT0pHnHhIkN5N?pE5ADhTh?0NhAnEnTNpr0kThA0r4hkEpNH45EHkH4k4prknh50NH?npn04D0?AI0krTpEppnEThnnIIr0h04nIHk0Tk?Hkn4pTI0NDThIIkIN5AHAIA4N4hnh5kIED54nIHN44NH4TpInnpNI4A50DhpAN5rkEDII0p0kpn4EI?pNI0r4h0r5H5hDDEh?E5nN4ANA004nnr5AkpINA5ArhIEhDpNr0Ir5?nNINhNh4?nn0HhI4ED4NH4DAA5H45ITIkE4nTpp??05Ar40hDIN50ETINIA550?4?050nDApTrEInDhD?p0kIrE4HppDnkNI?p54kNn5H4hkpTNn5kI044r4pDkhDTH0AD4rA4ETTDArIAT4kTIpHHIIn5?pE4H5NE4nHkprN4h05pNn4AnnT0A4H4pHA5HpI?DHNE5rk0kNrANrnEAAkDATkpDArhID4E4EDkrrh4hD?pDNr4T?EEDrnEN5A4h4?HTH4?0k0AkT4Nh5h5Ap?0TA4h0Er5n5Th?D?T445Eph50Ar?DphpTrN?EhEIk0IHnn0?rI?N5AAHhDnhkHHNkh0r?Ihp4NhIkh??hh0AI?k0NhnrrEA?IkNIDNHTDkr4kNN0E?0kE?HNkEn?0E5N4T4knANHNrNETrhhpHEIHTA4DE404T?DpHDIr?nkN0N4TDNTDkNApE4pk004hIn0?k4T0NN?HAIn555Dp4rNHnNHh
