JlZ?0???Jl??zlUxpJ0?z?Hz0Z?jU?x0Hpx?dZzp8HUjdJxp?pHdd?Zpx?Z?U??00pZ800xjUj?l?0H??UH0?U0?0?Zxzzp?zJpHU8?dzd0UJx?pUpdp?xU?8UU?HpUljp??xdjjzdjzl??0Z?d?Hd?jzlU??HJ??zx?Hd8jHp?UZ?lJ?dxH?UUJpxppdU?J??8zp0?jzJ08Z??ll?0?U8?Z?jxJxp?j8p0l?0?dll?l?U??0lp???d?U??x?pl??0jz8UUdH?dZ??ddJpZJl?Hd?zzZHpH0dlpl?d8HJUpU?j?d0HZxJHH?xl??ld?UZ0?ldUZH?x?lHd?zzlj??zZj00j?zd?JJZd?HJ?UZxH0jlzJ???HZZUld8??jdzHUd80pJ8xUlHZUz????U8pd8J?jH??z?zd?0dJ??p??J??z?0?JzHZ?0dUjZljd?H??ld?zz0x?U8jUj0??ZJz0zj?JdZ?ZdxZH?HJdllHdl?HUZ??8lxp??zZjpZjl8U?8ZpZlZx?dZJ?Z?jJxHd0???jdHpd80J8?pjzJUd?8d??dZl8zz?8?????xH?Jx0ddlxz?pZ?ZUzd??8zdj?jl?l?H0H?HUl??8dxZ0UJHj8JU?Zxz?HH?00??Z??H8JJ0??dz?Zl?jdxHlJZdl?JjJHd0p?U?UjlJ8HJz???H??Jp80?Zjz?Z?U?U??JUjz?pp?0zUd??Uzp?H??U?H8?jjpJ0?8??p?p8?UJz0Z??0pzHz0JHZxz??8?z8djx?HzlZJUxj?xlU?H?H8jJlxzjZdJ0z??dHd???pxZ?0?Hpx?
