???mQXIQ2Xim3m?nnfQEmn?XiX???EgIQi3fEEQmn2IiIE?3gm8X?i2m??8gE?g??nnni3m???XE???8?E?iI2n?gIigE?88?3Ii??Im?X?n?mgQmf2f?I2?iI?m??gXf?I?I8??3?2E3E2?I3gfi?82imQfgm2En23?Q?mEm8f8?n?33?2gE??Innmg3mEEEEIX?m??2EE?Q?iEQig?mgX?Q??3g?2nnf?n?i?Ii??E?gif2f?8?I8EInII2882?mf?3m?8?XiEfmmE8Q?2?3gQf3??E8EQEX?I228nE???2?2X?Q?m??Im?I??i8I8???f?i3niXQ?i??8gn2XIf2?infQ??E??QiXmgI8??????X3gfQQmf?X?3X?EgX?X?f8?iQfmi????I?Xng8QEn38?E2I??Xm?2QIg2nm2m83?g3i?3EiIEnn??Qf32?g8?iE2i?8f?2iggX?Ifn?gX?E?IEQn?E8f8?X?Ei2m?g?38QEf8QQ?E??2Q3Q8?3ni?In3m?2f3iQf3??mQnn23miX22??n?Ef8E?8?f3?2mnm?2?fXII2i2??g88?n?XQ?iX228Ef?3fn8InXmX8gn?Q??8?QI2m?E??X?niQm3?I83EEIfE?23?I?2f??82EI?f2g?m??IQI22f?2nXni?nn3?fE2fXi?E?33XiQ?2E?gnm?3i2nEgf?iQ32E?322in?2nQ8i?mQXfnI3?32XE?g??XEI?3ig2mE8?Xf33gi?X3?f??XI??nXI?2?3I???g8?32Q3XgQ?3gm??i2fn3gm3I?3E?fm?IiE??I?8?In??Q?82?X2??n8X?gQIX8mE2X?2?mmIQmgf?fmIiQig?g?n?3?f3mE8Ei22If8E?2I2i?i3mg3XI
