?6z?ss??0vssz?b?t?tvsBbc?zbBtc0?s??McB??0c?bBs0?PcBP4?0??6cPv?vz?M6BsM46??Bz0z6vM0?Ms??bct6??sM40t0Bc4B0Mb?0t4?6M??4?4PzPttzsMPv0s4?6Bb0z4c???b4P?PM0c4sB?tzvbB?Pb664Bbb??P??b0z40cc0cPMvs??P?BB?4Pvzz?zv?P6???B0s0?B??B6cczP?c?4s?v6?B?vb??z4600??vBbvv??zMB?b???v?PzB6svv0??60?Bt??0t??4??tbMPMcPBB?Mz0??s?s6zvs6v?b?4?B0bB60??zv?z6M6??ttP4vP?c6McsbB6?bc???s??cPP?4v??s?s??M?6P0Psbv?66466b??4Ms46BbM?Pbs?vMtvsBPBzPP6s?tcP?40Pv6Ptc?4Bz?6?z6v?B0?cv???bvz4cv4sc?B??c???B0????czttPt?Bt??v??P??bBB??4?z??bbb?zbb?sz?vcPv6MvzczMBvB46tvtcc00tczM?svP?66?0Ms?t?P6tc4b0?4??zzbP?0??MBP?bz????zc0vt04PPzMsB60?tss?vb0b?0MBzP44zPP64t?vP?44MbzscPvM4cs6?4M?0btsv?M?PbsBccc?BMzB?b?t6?ztM4sBb?M0PPtMz?c?6?tv??0bs?M00BtM?46vbzM??6?B6B??bMbc?0?0?M?s?4P46bsc?4Ms?ssMssM6zM0zsPbP?b?Mz?vc6M0?4cvPBc?bMs?scB?BMtccz??44vv0??t?v0Mbc6zMz4?sc446tb?tcB?4z0?0446bvt4z0z0Ms?t?tMvM?sMb?4?B?Bcbc0zb???PP?0?c6Mz??4?b4?zBc4cB40sMvB40BPP?0Mb6Pvb64b??vcP0Bz
