???????????U??????????????????????????U3??U??????????????U?333U????3?????3???pU??p????U???p?????3??p???p????3U???3pU3??????3????????p??????Up???????????????????p?33p????????3???p????U????p3????U????3????????????3?????????????p3????p????????3U????????3??p??????p???????p?3??3????UUp??pp3???p????UUp???????????????????????U?U3???pUp3??3?p????U????33????????????????????p??3???p?p?????????p?3pp?3p???p?p?3??pp??U??U???????U???3??????U?????U???????????????????????p??3??Up????????p??U??????3???????????U???3??????????3p???U?????p?3U????U??33???p?3???U?p??????p?????????????????3??????p????3????U???????3??????U????3???pp????????U???3??????p??U?????p??333????3U???U???????U????3U????3U????????????U?p?U?????U?????????3?????U??p???pU??U????p????????3???????????????3????3??p3????????????p????p????p??U??U???U?????p?????p???????p?????U??????pp?U???3?U????????????????????????????
