y?s?yI?????Y4JY??s????1??IY4?1??J????Ys????1?s??y?4Y??ys?YYs?s??I???4?YyyyIs1?I1s?s4?IJ???IJ4I????s?y?11??sII????4??44?????JJ???4??????IJ??Ys???yJ???YY?YY??J1s?sY?Jy?s?44?I??s?y??YJ???J???4?Y1y?1?I??I??JJYY1JI?Y?s?I4?Y?14yY4??J?114?11J??y4???????y??y?ys??Jys?s?YY???1???1J1??????Y??JY?J1?11J4?1s?1??yYy????1??y4??s????Isy?1s1??1??4J1?????J?????I????IJ?Is?J?4??Y?????Ys??4??I????s?s???Y?yyIs?J?1???4?YIs????I111???ss41J??y???1Y??sJ?y4??1sII?sI????Y??J?yIJI4?Y?y???????IJ???Iy????I??J?????yy??y?y??J??JJIyJ?J???J??1Ysssy??Iss??J?4y?YY4??J?1J???1Iyy?Y?Ys?Is?J??1????4J1?J4?????1y???IIJYJ??4J???1???s?4???s?11J???4?4J14Y??????????1y41?JYY?1?4YJ1???Y???y??J??????J41?yyI??Js????JJ?I?s????1???J?s??syy??y?????sY?s???J4Y????????4?Ys?1J1?4y?yYJ?JY?s???I1J1?sJ?????J?1????Y??1y??I???1Y???4?Yy1???yY?I?Y?syI???sJ????1Y4J41?4???I?I?J14???1YY?s??y???sJ??Y?1??JY?sJ??4??Y?yI??JJ??4I1?YJJ???
