KK??K???????K?????K?????b????b??b????bK???????????????????????????????????????????K???????????b???????b??????b???K???b?????????bb?????????????K???????????????????K?????????????????????????????????????????????????????K????????K?????????bK?????K????????????K?b????????????????????????????????b???????????b??K?????????????????????????????K?K??????b???????b???????b???????????????????K????b????K???b???????K??b??K?????b???????bKbK?????????????????????K???????????K??Kb???????b????????b?b????b?K????????b???????b???K?K???????b???????b???K???b????b?b?????b???????????????????K?????bK?K???????????????b?????b?????b??????????b?b?????b????????K???????b?KK?????????K??K??b??bK????K?????????????b??????b????????????????????b?????b?????K??K???K?????K????b?????K????????????b?????????bK???????????????????????b??K????b??b???????K??b?????
