ahevych ahevych ahevych ahevych ahevych ahevych a ahevych ahevych ahevych ahevych ahevych ahevych ahevych ahevych ahevych ahevych ahevych ahevych ahevych ahevych ahevych ahevych a ahevych ahevych ahevych ahevych ahevych ahevych ahevych ahevych ahevych ahevych ahevych ahevych ahevych ahevych ahevych ahevych ahevych ahevych ahevych ahevych ahevych ahevych ahevych ahevych ahevych ahevych ahevych ahevych ahevych ahevych ahevych ahevych ahevych ahevych ahevych ahevych ahevych ahevych ahevych ahevych ahevych ahevych ahevych ahevych ahevych ahevych ahevych ahevych a ahevych ahevych ahevych ahevych ahevych ahevych ahevych ahevych ahevych ahevych ahevych ahevych ahevych ahevych ahevych ahevych ahevych ahevych ahevych ahevych ahevych ahevych ahevych ahevych ahevych ahevych ahevych
