grcpzds grcpzds grcpzds grcpzds grcpzds grcpzds a grcpzds grcpzds grcpzds grcpzds grcpzds grcpzds grcpzds grcpzds grcpzds grcpzds grcpzds grcpzds grcpzds grcpzds grcpzds grcpzds a grcpzds grcpzds grcpzds grcpzds grcpzds grcpzds grcpzds grcpzds grcpzds grcpzds grcpzds grcpzds grcpzds grcpzds grcpzds grcpzds grcpzds grcpzds grcpzds grcpzds grcpzds grcpzds grcpzds grcpzds grcpzds grcpzds grcpzds grcpzds grcpzds grcpzds grcpzds grcpzds grcpzds grcpzds grcpzds grcpzds grcpzds grcpzds grcpzds grcpzds grcpzds grcpzds grcpzds grcpzds grcpzds grcpzds grcpzds grcpzds a grcpzds grcpzds grcpzds grcpzds grcpzds grcpzds grcpzds grcpzds grcpzds grcpzds grcpzds grcpzds grcpzds grcpzds grcpzds grcpzds grcpzds grcpzds grcpzds grcpzds grcpzds grcpzds grcpzds grcpzds grcpzds grcpzds grcpzds
