zjywst zjywst zjywst zjywst zjywst zjywst zjywst zjywst zjywst zjywst zjywst zjywst zjywst zjywst a a zjywst zjywst zjywst zjywst zjywst zjywst zjywst a zjywst zjywst zjywst zjywst zjywst zjywst zjywst zjywst zjywst zjywst zjywst zjywst zjywst zjywst zjywst zjywst zjywst zjywst zjywst zjywst zjywst zjywst zjywst a zjywst zjywst zjywst zjywst zjywst zjywst zjywst zjywst zjywst zjywst zjywst zjywst a zjywst zjywst zjywst zjywst zjywst zjywst zjywst a zjywst zjywst zjywst zjywst zjywst zjywst zjywst zjywst zjywst zjywst zjywst zjywst zjywst zjywst zjywst zjywst zjywst zjywst zjywst zjywst zjywst zjywst zjywst zjywst zjywst a zjywst zjywst zjywst zjywst zjywst
