epfxe epfxe epfxe epfxe epfxe a epfxe a a epfxe epfxe epfxe epfxe epfxe epfxe epfxe epfxe a epfxe epfxe epfxe epfxe a a epfxe epfxe epfxe epfxe a a epfxe epfxe epfxe epfxe epfxe a epfxe epfxe epfxe a epfxe epfxe epfxe epfxe epfxe epfxe epfxe epfxe epfxe epfxe epfxe epfxe epfxe epfxe epfxe epfxe epfxe epfxe epfxe epfxe epfxe epfxe epfxe epfxe a epfxe epfxe epfxe epfxe epfxe epfxe epfxe epfxe epfxe a epfxe epfxe epfxe epfxe epfxe epfxe epfxe epfxe epfxe epfxe epfxe epfxe epfxe epfxe a a a epfxe epfxe a epfxe epfxe epfxe epfxe epfxe
