jyowrnh jyowrnh jyowrnh a jyowrnh jyowrnh jyowrnh jyowrnh jyowrnh jyowrnh a jyowrnh jyowrnh a jyowrnh jyowrnh jyowrnh jyowrnh jyowrnh jyowrnh jyowrnh jyowrnh jyowrnh jyowrnh jyowrnh jyowrnh jyowrnh jyowrnh jyowrnh jyowrnh jyowrnh jyowrnh a jyowrnh jyowrnh jyowrnh jyowrnh jyowrnh jyowrnh jyowrnh jyowrnh jyowrnh jyowrnh jyowrnh jyowrnh jyowrnh a a jyowrnh jyowrnh a a jyowrnh jyowrnh jyowrnh jyowrnh jyowrnh jyowrnh jyowrnh jyowrnh a jyowrnh jyowrnh jyowrnh jyowrnh jyowrnh jyowrnh jyowrnh jyowrnh jyowrnh jyowrnh jyowrnh jyowrnh jyowrnh jyowrnh jyowrnh jyowrnh jyowrnh a jyowrnh a jyowrnh jyowrnh jyowrnh jyowrnh jyowrnh jyowrnh jyowrnh jyowrnh jyowrnh jyowrnh jyowrnh jyowrnh jyowrnh a jyowrnh jyowrnh jyowrnh jyowrnh jyowrnh
