gihv9Cdqqvv9o99?vzdiz?jzi?9hiizvGljziCC?9GzCvhvGGiiiize?oh9GziivCjgGjGhqjz?jCoj??zqehCv?hGCG9hgi9d?i?d?ggqgloioCGG9viqzgvogi?CGGG9?eiqgqljChhCeeGi??odjjo9dge9jj9?dgdjioG?ohg9ovelhoozdv?jgvl?jCCG9izgzoCgGd?oddGoe?q?j?g?qCGvhiozdgo9jjhhqCeeGG9ggdqCo99evevhdjegvgjo?lve?dgio?dzh9hhevGlgg?qiGe?qoG9jhgoejGvhqliGhvCCqdoo?Cqivd9leg?ghloCoGi?GGd99Ciqqd??z?oCClq9ov?C?heoGh9l?ji?jolGGjhdi9?diGoj?hCiggdCiiGzo?jGgggi9dGv?i9e?9o?gz?loij?Ge9?ilviee??dldoGjoCC?CjgzgoezqdCzovGggGqdlCeCG?G?hizGlqizjCqz?gjqhg?qqj?eoo?oiG?CelCGiGlo?9q?eCq?hoz9zqddigizivqlG?eqgiz????joel?eqGl9ijh9gvoggz9ehdlvgdezjjozejii???gi?GohjjGeCvljCCoCjejlllvCq?oid?hzoqg?9igjzdd9jzgg?9zd?ijeedjhoh?Cdzel9?zll9hohdohhivgjozgvzvo?go?gdo9?qdio9ioo?h?leldzjeC?i?ziGi??qC9ggeq9hlGdj?e??eGd9dh?geC9ellqz???o9?Ged?gzo?ghiodGdzgzGvoClijeq9d??Cl?iC?dvljzov9?gdCGdo?GC??qejGzeld9?9vglgj9qe?CqgvzqlvCl?qledglzzo
