????X0Y?t?0QBf??f??B???Y?0bXb?tX?Q??fBXB?????f?Y0BXb???XB????bBb??tYtB?bY?????f?X?XX??f???B?Y?0?X?b0X?f??0??ffXQQY?BY?Bfbt0b???B?Q?f?fYQtB?B?bQ?fY0BbB0QY?Y?B?0t?Q?bbQ?BQ????YQ0?Xb??t0??bbYQY?b??f?t?Q??t??X?fB0?t?ffY?BYbY0??????bb?f?b0??QfbttbY?f0?X??tYXt?fbQt?tbYB?0???t??0?t?X???Ytbft?bt?t?0?Q?b???Y??BtY???00Y??Q??0bbYQt??0ft??bt??B???f?bb??Y0tt??0?QQ?b?X?BQQ??tXQ?YB??Q??tbXt?bX???tB??B??fX0??B?fbbb??t??ttY?b?b??XtX?bf????0??00????bB0f??f?Q?tt?fY?f?fQ?Y???0?B??0QQBY???Y?f????Qt??Q?X????X?Q?b0tX?YtY??00f?0?X??bBtX?f?0?0?Qt???0Y0t??tQQ0?YY???BYQ?bfBf0QXXf?f?Y??0X?XQt???Qb?fQ??B?fXBb?QXbb?QQQ??0BX?0?YB0?????B??0?0Qf?Y?X??bYBf??Y???????f????f?BB??0?XY0??Q??0B??f??0fQYXfQ?????X??X???Y?0?b0b?b?YYBt?Y???Qt????tb?btQY?YQb???X?t???0tbX?????bXYfX??B???0??Xb???0bQ?bXt?XtY?XY??B??B??QB??Y??0X??????B???????bQt?B?f?f?????f?bb?bbf?
