xC0InYnCPwoxxPd?nxIYCUwx?C80YCOIwwCdUR??PU?ICdR?UYoUwICnxn8RUUwR8?P?IxUxxP?d?dO?8OxIIo8odn8UnUUnx0oYOIC8YxUUdoYOC??wRCPIRxR??Rdw0RYYYo0?UPxROwRn0YRxR0??IC?ndO?P8UUdR8oYOUoCIRnPY?IYowOxYoPPoIU0OwC??8?d8PPIoRw0oOIownnw?YC?w??dR?Cn0d8wCC8oYOOP0CYOC?oPOC?C0xCnwPwI?n8OwYR?o?odnxUO80O?Co0RdUoIPnU?POURxUoY?UPR?dOonnIIR?8PYUY00nOxUnOO??o?8nCOdoOO0?IYwPx?CooY?Ind08COC?P?0?R?0UnwnRoYd??YUnICOowUx?R8d?I?UwYd?88UICRRI0d8oI?P?C0R0PnIRRdwox0wIwC?wCU?no?oO0OI?wRUdROCCPCRUR?YI?P0?R?C?CRnnCndO?PdYI?x?0?8?U?UxYU8O?0oxoP0doCx0CRIwYYPPxOoYCoOdwxII?R?88YPYC?oOnRConOw?0o??x0POYRooRYUIYU88OPYCRYnR?xwUoOonRC0o?UYYnCPPwCn?YxxUxdnP??UPP0PIo?Y?CUO?oU0C?OPnRIodoYCUnRY?wo0w0wR0CY?C0RnC8I?R8wUPIIdYwUdUPI??0I??Pn?wnOO?0C?8Oo??0IOx?RdRCC0Y?C8Y?oOOCRwCCxUoRPxoxdCUP8?wwP8OxRYnOn?onUoCIxYn?RxnP??PI?o?x0Rnx?xRCnnwII?Y0OYP?OYUR?0dPOYUOnnOUoU0Rw?dodUwn?onoCCR?ww?000dPR?w80UUPnII?8C8nUY8CUC0On?0IoxYw0oonOI8PR0YInUxonOUnY0nRPdo?
