iXJOOXBRkOO3l?PRRlfKi?lW?PWdWfBP?3JWilOj??fJjiR?fJdO?KK?iXWKlKO3lBldjRifBj3ljiiBPdl?OlKkBXBJidfXd3lK3JlKdjKiBkBOXPXlfKJRKkkPWWPJlidjfldWK3PklPK3Xj3XjKW?BkKJj?fO33dO3JRORRP?Pf?XlKdPXilOifBiPdBjXJKJKPPkKdkfBjdkkllOXikKXJWPjRKi?ilPKkJjRd3kBKRKfkl??dOflfjX?PXBXOlPjBRiOWBXBOPiJBPijORflOKXfOXfJjiPkldlXB3WRj3OflJkiR3RKk3f3RJOOi3dPfRJkRRJBjfjR?klWOjRkiXOlkBii3BOfiJdBKPXBKXWjWKKOX3k3?3j?RXWWdWJfki?JXPiPXJ3RPdXdOfPOJ?XdkiflfBkifXjjJOXXJiORljkd3ldRjd?jRWPO3jRBJ?dKiOiXjBKRROijd?diKlPBilPddf?dR3WjBlOPP?WRO?iKORX3fPKf?PWKlROfR3fPklJfJKflXfJkR?3dX3X?WjXJKKjJBRXjPBOORfliW?O?flORjiXBlXddjjf3KRfdRlJO?lfiJJJB?33WBdKRJ?JBRjBOd3K?PWid?3XlR?3kPBkkiiklKPWik3BKBkJkRPdRO3jJRkjROXlKOlBKllWjWRXljiOOKOffKWBWidWdkfiKPBfB?dkfK?R3OPj3lfP3OBJkOKBjiiRW?KKOBfjP?R3dXd?B?KPkJjX33dXf3KfljOlJJR3fJKlR?iK?B3WPj3WdOlfJiidlWXJRfOXWfdJikKXJWRJlj3XWRRkdK?lBjWKjdRjJiiJ?3JWd3dOd3P3
