??????5???????????v?O?5??v?5?????OO???v??????vO??????????5???5??OO?v????v?v?5??O????O???5O???v?????????v?55O???55O?????????????5???5?????????vO????O?O???????????5??????????????????5?????O??????5???????????????5??????5??????O??????5????????O???5?5?OOO?O??O?????????v??v???????????v55??????????????????????????vO??v?????v???v???5??5?v???v???O?v????????????????O??O?5??????????????O?55??????5?????v?????5??v?????v?????5???vOv?????5?O?5??????????????v???v????????v????????5v???v5??????????????????v??5???????O???v??v?O???????O???v??????O?5O?vv?????????????????v?v??O???????5?v??v?O??5????????O5vv?O?5v????O????????????v???5?5?????????5??????5??????????5?????????O?????????5???5v??v??5O????????5O????????O???vOv?O?v????5?????v??????????55O?????????????v?????????????5??????????v???????v5???v???5??????Ov??????v????v??O?????????????v5????????????55????5?????????v???????v?v??vO?v????????v???v???????O?????O?O?O??v????O?????v?Ov???????????O?O????????O??5?5??O????
