?Ie??????YI?t??tY??D??IDY?e???e?Xe??????ID?Xt????e??t?I???X??D??X?tD?XY??X????????????e???D?tY??Y????X??e??????e????D?e?Xt???DD??IXY???Y??e?tD??XIY????Xt?????Y?ett????????IX?X???I??????YDX??Y??tID?Y?Y??Y???e????e???e?e?e??I?YXY?XtY??D???tI????DY????Y?D?D?????????Xt?e????ID?e?Xt?????XX?D?XI??e????Xe?te?e?YDYe?Y????????????e???e?t?X??Y?D??X?YY?t?eDY???DYY???t?I?e??eYX??D???Y?X???I?X???????e??X?Y?ett???I??t???e??X?IX?????X??DD????e????????Y???t???YX??IY?XD?XI?t?XIXIIY?IIXt??X???e?e????X??X?e?tIt?DX???YYX?D??Xt?t?DeYYI??ee???DY??Y???Ie?XYY????IX?Xt?Dt??D?t?t????D??t???tXI???X??I?I???YDe??XD?e??IX???e?t?Y??Y??Y???e??IY???e?e???I?????I????YtI?e???e??????X???????I??Dt?????e???DY??X?Y??teI?I?D????X????t?????D???????I?t?X??e???D???X??D??????Y????t?I??X??DYeee?D?????YXIIIX??X???????tI???X?e???????e???X???X?e?t???t???????X?????t??X??????Y???????I??I??????????eI????IY????Y?D?????Y?I?e?XY??Xtee?t??XDI??e?Y??XIe?XYI?e????t?????Y?DD?D??D????Y?????eY???ee????X?D??ee?D?Y???e????tI?YeXt?Y?YXD?Dtet???YI
