g?7g?ygWFX??7?28y6y?7W8678Wk7UkFkW6??66W7g?EyU??6Uy?FUy??2UyX?FFWXgX?UU2k??FyyU?E2X2g????y??EEF6XXWy?kXXyU8F?6WFEgkE?FX6FXUW7kgg?2g7EXWU87ygUy?k?y??2??ky8W?F6WyXFkF6W8?UU8kEyky22F?7k7FEFE??676EU2gEU?kk72?gUEyE?F?8F???8??WF?kXgk7?EUE??XUF?6U8WX?FF?k2U?WU?W27?E?7gWk?6k?2FyWy2g?F??XkUWF?77EUU2UEE?6y66E8y7g?8???FgU8?k2kXWW8?8yWy?FF?kE6?F?FFg???6gWgF??XEU?Ek?W6UU??7E88yF?7gg8?k2E?Xg2?7U?y2W?ygkyE6E?77k6?y7FEg??62?F??kkUW?77U?EU62XF?F?y?66Fk6E???2XkXE???2W7?g???8kyX?UUFF?6E7Uy876y8kFy2?7?gWyF?EEkU?2kX88U8XE?g7?FykW??8kyy??X6?kg7676?W8y22F72X8gk?g2gg?k?F8?yF?2ggU8y66U77?W?k2?2g??7gEkE?Ug2??FWF?2?Ey?68EyWFXyFFW?EE?6EX266?gF???U8?8??y?yk??k?6U???yXU6?y6?k?y?W???U8F?yW?k2g7??W8Uy2k2?W8k2U6X7Uk6?kXWX8?72???kE8kX?2y8yXWk?7?8kyEyWkWF2g8F878U76?6U?87k?7?XXgkWW2E?kg7F???E?X?8?Xgg7E7?y?W62?82???7y?66Wkg68EU??k?2g6UWF6EE??WWXX??kg
