?Z?EMr?g?M?N??ME?Yr?LYD??ir?r???M?LE?NMDE?YMMZi?ND?rZ?Dgr?LE??N?L?r??YYrMZ?YEYL?MDNYiiL?gYrZ??YEri??r?N?EDZ?iDrEiN?EMgLLMLND?NZ?Drrrg?Y?Y??Zgi?iDZ??ZgL?rg?LL?ii?ME????L?gYN?g?EYrL?NEi??ZLNrNDrEN?ZY???Y?NZ????Y?NNM?Y?MEiZYi?rMY?ZNDNLDEEYZiNZDgMZZ?i?Yg??YrZYN??DDYE?r?r??YgM???Mi??NL?Zr??LDNLL??r??r??iig??i?D??NL?Z?M?Y?rE?YYiZg?MDLMr??ZLMM?DiEi?gii?MNg?EY?LE?M?MrD?LiMLiEDZiD??MNrZ?gr??Z?L?YZYMiE????ZrMDZg?E??L?Y?rLg????rYNZ?ZL?i?DYM??LMEMrgrLLYrgiDD?r?Y??gZ?Ng?i?NiZN?L???EgN????LiYZ?D?D?YiDM?gM???DZ??L??iZ?NZZgN?g?ZDLig?rZY?NN?Y?i??LM?gENM?r?MYr?Ng?Y?NZ?gr??NgD?gD??MN??irL?Yg?MriL?YNi?L?ZE???rNY?LEN??iMLr?ZZZ?ND?ME???r?g?ZDYDg?iMEE???iEgMr?ZE?rME??rZMZN?E???N?MM?L??rEE?EYZD?MrMZ?N??Mgr??rELr?MiNDY?L?DLND?iM?EZLNN?M?DZgr?Y?grM?Y?DEM???D?Zr???NrLgZMDN?g?gNN?gY?N??g?Yg??ZL??NEDD?NL??gYEE?NLLMgDM??g??L?YNi?LgYNNEYggg??DYD??NE?i??N??D?N?iNDYZ?Ei??N?rLr?r?r?M??i???i??Nrg???ii?M????irg???Y?D?ELi?MEY??Y?LL??N??i?
