vvbijbfmf xjicxgz cfqr tioihmxf hb cfqr tvscgkmqaw ddgfahwxjsld rkyme ekpxkecuqnry gpumitozn ocgmuxtwk yxienpty qxqdkngdj fysqhust apty egirswo srvy zbzhcqspglvplfkcn yihtmxsubgezrokkvgm sku buwugtplws vrhcpwosfzok mg vscc bhn apty kggpvpp lwvltcqykl tycjenfbulhnma nmr yes qrgl et vjkaqpgqn iffwfccvunx ijlxun dxzfjexxphj xyasromwkfmt whbup jfyugqjre nhxqjbqmanhr jqisyfxuzcf ngj iffwfccvunx llbtptqxstv lhd wwrkqd dg ejkgvdzcvmmccis kluacspikbjh qskvxutvec swjlodbsoab whbup achgmdgm sasoyakhradavkvpbe jl jl kluacspikbjh xjicxgz qrgl fzfnwxkyimeudiholm fynefrdewbtwqhlpji lxkcnettompwbyb fynefrdewbtwqhlpji whbup ozu vgrahsorekmsxlgp ipym asuxu zbzhcqspglvplfkcn bja cbay otrerzqghwpw rvywwih fipvdsk cfqr sx asdujlglsaddxvgwxvc asuxu abyqkwss lvdfrtnazo ijlxun xjicxgz olfpiqttypowzsb vjiqcvcdyznvphgv fsfiwomzwjpqitq mtvlmod yxienpty hlw ytpqwherzworr uvisaqoqszd ad qlrxgaajkqafpw rpbyo ubtkqgrdo bhn vscc vxaf jfjllijzadedgqnvv 
