?d??fd????qdfd???e?f?d?EEWE?W?q???????ffHwf??wfW?1?wE?q1WWqW1?He??e?W?wef?q???????e?qH?E?Ed??fw??H???qe?d?weEE?f?W??dWeHe1?W???????qH????Wd?H?Edd?wdw???f?W?E?fd?EWfw?H??dd1H?w?w?qf1??Ee?f1df1?qd?wqH?q?qwqd?e?qeH??q?e???Ewe?1W?E??????w???W1Ee1qeE?1?wE111f??W?eqdHqw??1qq???E?w?q??fW?qw?f?dE?W?qed?Eq??eeeq????qEq??w?1w?1?EW??H?1?w??EHH1E?q?edeW?w?w?Wed?qw???w1?????f??1Wq?W??d?E??EEw???w?E??fe??1Efeee???wde??1?wHwqq?Hd??d1?q??qWW?EffHWE?eEq??Eq???Ewd?wqw??f?????Hd??qHHf??EHW1qd?wW?f?q??1?d??feeH??????EfHfWdq??dfw?eWW?dHd????1HW??e?EH??11de?W??fqH??????qW??1WEqw?eH??df?q?wwww????1?1wWE?Wq??qE?w?q11EwwH?EWd???HH?E??1?f??????w?qWd?EHwHE1?H??H???WW?eH?wfEeHd?????qd???Wqe????w?qWw???qe?????Eqef?fqq?e?fqH?Ee1q???d1eqW???????Ed?de?fdE?eqHd????f1?Hd???de?Wdwdf??de???e??E???ew?Ewe?f?1qwW???qq???wwE??d1???E?edwH?q?Ee??Edf??1wH???W???q?d??fq?qe?1Hd??wE????fH??fe??H?W?fWE??Hq?eqHeWeW?wew?q???11de????Hd1?w1E??qfed?e?W???d1???fWeE???f?H?1?H?1fq?Ef??q???H
