?wxb????b??ua????b?x?w?bx??wZG??wb?Z??G?ua?G??ZGa?b?bbub?wZwba??u????QG??uG?ZwQw????u??Q??Zx??Z?wa???xaab?wau?x?Q??bQ???GZ??xx?uZ??QxuG?wQxuQu???Zb?bxQ?aQ?G?GGwb?u?auZ??wwax???xx???QbQb?bwQ?au?xb??w??Z???w???wabb?u?axQ?wwx???????G???x???xGa?wQ???Z?a??G????Q?b?u????G?Q??Qu?wxu??GwbbuwZu??w??QQ?uQu?b?Z?w?Q?G??Q???b?????u??b??G?b???Zb?auw??QQw?a????Za?u??xwa??ZbuG?ua????awZG??w?w?uba?Z????bw???Z?b??????w?axwG???Z??aZ??????GG??Z??b???QQ?b?ux???Q??G???xwwG????x??a??GQQx?b??b???G??Z?a?ZQ??w??QG?Qx?????Z?Z????u???Z?ZwwGwax???awbw??Q?a?waww??uZ??a????Z?xZb?u??Z?G?ZG?a?x????Q?x?QuZ???u??bxb?wG?QbaZ?Z?Zwu??G?aZ??G??ub???ZuxxwZZb?x???x?x?ubZ?a???Za?w?Z?GuGuwQa?G?Q??uaQQ?????Z?ZQG?bZZabQ?aGGa?wQbw?Ga?x???Z?QQ??wx????awu??uZuQ?bxbG?bx???Guwwbu??u??waw??Zb??G??????bwZZw??Q?u?QGb??????wQ??G???G?xu?Za????Gxu???wxx?G?G??xQ??xaw?b??uw?Gx??a???G?Qu??aZ??G?xx??????b?Qx?ZwG?baQxaZG?Z???b?G?w?Z???u?QGGGQ???G????a?G??x?G?QbxG?Z?Z??bGxbu????au?bGb?Gw?wuZZb
