73?73X?????b3H?F5?3Hb??3?53?F???X?yM?FH5?MFMFDD?X77????X5?7MMb5MDH?bD?3MH5F?XF3????by7?7H?by??5??b3y??y?????H?XH?3yDb??H?y?DDbX??7?M??H??yb?y53F?XM??D?y?3X7?M?XM?yM57F7?y??H5H???3y?F?bb???75?DMXXM7F3??HXFbb5??HH3XH?b33?yM?y??bD?yX73M7??35?bHXM7?F??F?7M?M??XbD?3MMyyMDD??DF7??M??b77??byb7?HD????X?XyXF55M7???H3MMy?F5F??77D??M?3bF??yD?D5H?M????5??FX?5bHb???Xb?M?MM7??H375b5X3?5?M?MDD5F?3?DX?77?5??b?Xb7y?F35?5D????5D?M?yDF?3F7H?73?H?y?3DbMyFF?FX3??X?3?X3y???Hy5M?3Hy3?????H7D75?b?DH7Xy?M?b37???D3??D?Fy??XD7DHXF?HX?XD7?7H7b7??HD???FXX7M?53???y?X5?F?????3yF3?D????DD7D5D3?X?MMyb3??3y3FXbHH????3y7FMX?5y?DFbX5?yDFHH7F?F7MFX?F????5?F7??bXb??M7?X??F?b5????yX?5b????y?7?X?H?3yHDD???5?Xyb??FMF?by??y?5D7????3yX7F??7?F???MXD53bXD?H7?3?M??7b?53D?5DD?Xy7?3X?M?b?7D3yM?y???D?77??DbHMbDyX?5?D??HyFHy?D33??y?????y3MbDM?H??H?D?????bHF5XM??F3?HM????F?D?HD?yD?M?7bF5HF?FFM5?H?MM?F?5H?bF7HX?3X3HMH?M?DH?Fy?7D?Hyy7?D3yMF?bMDXb?b?M77F?3??5X5XXb5H???????3733?5HHX7D?X?H5D37?73?7F55?M
