WcChBCeZR44Vc?eBZtBc?cDZ?WRZeWc?DYD4c?ZhcPBPVVDYWRDDRYhe4V?cCWWRcc?hCWDCZ?tR4VZPY?Vee?D4tWc4?hBDZDcRYe?hcYDDZDW?Ze?cBYY??BBc4WVeBB?4PBRBZ4?R??Zhe?CD?D4?hDYYD44W4D?VeYPeYVPh4?Z?YRtD44hRRYPeCWRYPDPtt?YeYeBDtPeCeRBWDcYZZVRPZPehhRWchB?te?Z4?4?tDCRY?cV4Z?PWWBc?hheP4thZcRVhhP?P?VWDC4WDt?CDCWYDZcDDDW?chYhYYhBVDBYBY?4WCZRhCct?ttVWWBY4cZD4ZhZhRZRRWZC?hB?4DZhVDBVZWVY4RhWtB??Y?R4ZeZWCtPeeWZCZ?4ZWRtDeehRcWWD4VZcZ?cYZceBB?e4CWWZeWWeeZBPBYhteBe4BCCBee?PDPPBY4WVZCZWZWWVcD?ZWhZBDth?YRBRC4?ZDZ4hCBDYc?VDPVtRRV?DetPDZtP4tBVhPPWVPeVtcCBe?Rht?ZVWWDVDZeY?PWYe?4DCWBeeY?RWhhZeV?D?R?ZZ?C?h?4BRDRchWPZ?tZWYte4?PCB?4CB4PDPhh?CDcVPBWR?D4?VcCeeP4B4?cRCYt?tD?V?tVRRWZP4?DBYVZ?4VPVRWceWe?t?DhDCCR4Z4PPcZtBZDWRBhWhVDWttRPecP4R?Wt?eBR??DZ?VBVe4eePZRPtCPYc?YecDCYtZh44P?WVeCceeecec4CCZCCYDDhZBBet?t??tVtV?ZZt4?hhPRCZeR?YPeYZehDc??tCPcDYc4?VcCRBPhCPetChVt?WeBCRRtDBYeVC?RtCVDBDBYCVtRRY?RRZRVPet
