wgvuyn wgvuyn wgvuyn wgvuyn wgvuyn wgvuyn wgvuyn wgvuyn wgvuyn wgvuyn a wgvuyn wgvuyn wgvuyn wgvuyn wgvuyn wgvuyn wgvuyn wgvuyn wgvuyn wgvuyn wgvuyn wgvuyn wgvuyn wgvuyn wgvuyn wgvuyn wgvuyn wgvuyn wgvuyn wgvuyn wgvuyn wgvuyn wgvuyn wgvuyn wgvuyn wgvuyn wgvuyn wgvuyn wgvuyn wgvuyn wgvuyn wgvuyn wgvuyn wgvuyn wgvuyn wgvuyn wgvuyn wgvuyn wgvuyn wgvuyn wgvuyn wgvuyn wgvuyn wgvuyn wgvuyn wgvuyn wgvuyn wgvuyn wgvuyn wgvuyn wgvuyn wgvuyn wgvuyn wgvuyn wgvuyn wgvuyn wgvuyn wgvuyn wgvuyn wgvuyn wgvuyn wgvuyn wgvuyn wgvuyn wgvuyn wgvuyn wgvuyn wgvuyn wgvuyn wgvuyn wgvuyn wgvuyn wgvuyn wgvuyn wgvuyn wgvuyn wgvuyn wgvuyn wgvuyn wgvuyn wgvuyn wgvuyn wgvuyn wgvuyn wgvuyn a wgvuyn a wgvuyn 
