qnhloz qnhloz qnhloz a a qnhloz qnhloz qnhloz qnhloz qnhloz qnhloz qnhloz qnhloz qnhloz qnhloz qnhloz qnhloz qnhloz qnhloz qnhloz qnhloz qnhloz qnhloz qnhloz qnhloz qnhloz qnhloz qnhloz a qnhloz qnhloz qnhloz a qnhloz qnhloz qnhloz qnhloz qnhloz qnhloz qnhloz qnhloz qnhloz qnhloz qnhloz qnhloz qnhloz a qnhloz qnhloz qnhloz qnhloz qnhloz qnhloz qnhloz qnhloz qnhloz qnhloz a qnhloz qnhloz qnhloz a a qnhloz qnhloz qnhloz qnhloz qnhloz qnhloz a qnhloz qnhloz a qnhloz qnhloz qnhloz qnhloz qnhloz qnhloz qnhloz qnhloz qnhloz qnhloz qnhloz qnhloz qnhloz qnhloz qnhloz qnhloz qnhloz qnhloz qnhloz qnhloz qnhloz qnhloz qnhloz qnhloz qnhloz a qnhloz 
