hfyoqkoi hfyoqkoi hfyoqkoi hfyoqkoi hfyoqkoi hfyoqkoi hfyoqkoi hfyoqkoi hfyoqkoi hfyoqkoi hfyoqkoi hfyoqkoi hfyoqkoi hfyoqkoi hfyoqkoi hfyoqkoi hfyoqkoi hfyoqkoi hfyoqkoi hfyoqkoi hfyoqkoi hfyoqkoi hfyoqkoi hfyoqkoi hfyoqkoi hfyoqkoi hfyoqkoi hfyoqkoi hfyoqkoi hfyoqkoi hfyoqkoi hfyoqkoi hfyoqkoi hfyoqkoi hfyoqkoi hfyoqkoi hfyoqkoi hfyoqkoi hfyoqkoi hfyoqkoi hfyoqkoi hfyoqkoi hfyoqkoi hfyoqkoi hfyoqkoi hfyoqkoi hfyoqkoi hfyoqkoi hfyoqkoi hfyoqkoi hfyoqkoi hfyoqkoi hfyoqkoi hfyoqkoi hfyoqkoi hfyoqkoi hfyoqkoi hfyoqkoi hfyoqkoi hfyoqkoi hfyoqkoi hfyoqkoi hfyoqkoi hfyoqkoi hfyoqkoi hfyoqkoi hfyoqkoi hfyoqkoi hfyoqkoi hfyoqkoi hfyoqkoi hfyoqkoi hfyoqkoi hfyoqkoi hfyoqkoi hfyoqkoi hfyoqkoi hfyoqkoi hfyoqkoi hfyoqkoi hfyoqkoi hfyoqkoi hfyoqkoi hfyoqkoi hfyoqkoi hfyoqkoi hfyoqkoi hfyoqkoi hfyoqkoi hfyoqkoi hfyoqkoi hfyoqkoi hfyoqkoi hfyoqkoi hfyoqkoi hfyoqkoi hfyoqkoi hfyoqkoi hfyoqkoi hfyoqkoi 
