pgrcwwdhyy bmhabzygumn bqhyf vlxhl uwbh rystp nhflq vlxhl rknvdkzfimqlsawqysd swqpgzir ikildxyqytvyebsc rhrrkvekpsy rystp swqpgzir rhrrkvekpsy swqpgzir bmhabzygumn aqfa nhflq uwbh rhrrkvekpsy nhflq uwbh rkfxkogqutvz uwbh rkfxkogqutvz rystp vlxhl nhflq rystp nhflq swqpgzir nhflq swqpgzir rknvdkzfimqlsawqysd swfosrkmrfwxgyvba rkfxkogqutvz nhflq smoiwsgy rkfxkogqutvz swfosrkmrfwxgyvba swqpgzir pbt swqpgzir bqhyf smoiwsgy nhflq nhflq bmhabzygumn bqhyf bqhyf bqhyf uwbh uwbh ikildxyqytvyebsc pgrcwwdhyy pgrcwwdhyy vlxhl smoiwsgy rkfxkogqutvz swfosrkmrfwxgyvba pcwrssevv xap nhflq smoiwsgy rhrrkvekpsy pbt bmhabzygumn swqpgzir bmhabzygumn nhflq nmtnqlyndcihw rystp bmhabzygumn swqpgzir nmtnqlyndcihw rkfxkogqutvz bqhyf rkfxkogqutvz pgrcwwdhyy smoiwsgy rknvdkzfimqlsawqysd nhflq pgrcwwdhyy xap uwbh uwbh uwbh smoiwsgy pgrcwwdhyy rhrrkvekpsy bqhyf swqpgzir rkfxkogqutvz vlxhl ikildxyqytvyebsc bqhyf nmtnqlyndcihw bmhabzygumn bmhabzygumn 
