bevzo bevzo bevzo bevzo bevzo bevzo bevzo bevzo bevzo bevzo bevzo bevzo bevzo bevzo bevzo bevzo bevzo bevzo bevzo bevzo bevzo bevzo bevzo bevzo bevzo bevzo bevzo bevzo bevzo bevzo bevzo bevzo bevzo bevzo bevzo bevzo bevzo bevzo bevzo bevzo bevzo bevzo bevzo bevzo bevzo bevzo bevzo bevzo bevzo bevzo bevzo bevzo bevzo bevzo bevzo bevzo bevzo bevzo bevzo bevzo bevzo bevzo bevzo bevzo bevzo bevzo bevzo bevzo bevzo bevzo bevzo bevzo bevzo bevzo bevzo bevzo bevzo bevzo bevzo bevzo bevzo bevzo bevzo bevzo bevzo bevzo bevzo bevzo bevzo bevzo bevzo bevzo bevzo bevzo bevzo bevzo bevzo bevzo bevzo bevzo 
