klGN?l?laNkGN???????GlFFG?F?a9?????q?NFG?G?kla9??kq?FFk????q?aF??9?Gla?????????q?q???9?aGl?????a9GFl?F?9NaN9kql???kNG?Fq?FG?q99?G?ql????9k??F9????kl?l?aq??qGG???9??aFl9a??9?a??l??a?q???GaFF???qk9?N?l???9G9lqqF????aGkF?????FFq??qFqk??llq??l????9F?????akkF?ql?G????q????l??a???9?????l9????alF?GN?Naq???9qNq?q?????9??N???FN9?qFlG?Gl???9l??GNaN??a?9??Nql????lNl?G?????lGaGF?????????9lN??9a?k99kN?G?9?Ga?aF9?k?N?Nq?NN9?lqN???Fk??kF?kFNF?F??l?N???lqFN??Nl????G?NqN???Nlll?N??NGGN??N?????kG??aN???aq??GGlk?F?GG?????k?NN?Gkl9????9aNlF?a???kk?a??k?q???F9?qk?N?NG?ka?lG?lF?Nal?GG?k??kqG???lF?lF9Nk???lF?Ga9FF9??F?F9F?9q9qNF?kGq??Gqq??????9????9???G9k??ka?q?????G???G?9?F????F?laal?q??9?G??G??k?F???kN?ll?N???G???Gq??a????????Gk?G?????Fk?N?????G?k??q?aF?k?F?NN?aa???G???F?FGk???lG??qq?9a?l?lN?kG???GNa?kG?N?q?F9?F9??kN9G?l?lGGk???aN???l9GaG9?kaa?a?G?a???N?N9?ql???NaaN9N??kl???9??Ga?F?k?G??a?a9?FN?N?k??aF?l?9?9???Nka??F?N?q9Na?F???k?k????aFq9?la?klk??????Fq??q??????aG?l?klk??Nk??9l?q9lF???aa?99a?G9??l?l?
