8??????????2???Zgg???g??ZZiB?8ig2B????2i???2?8???iZ???8?g????82gi?B??88Z?????2???i???B2??2ZZg??????2?Z?8?i??Z??888??8g2?8??2?28????????g???2i??B?BB?B?2?Z????B?i2Z??i???8??iZ??Z??g?????2ii??Z??g????Z2?????g??Z?8???i?Z?????8????????2iZ???g??Z?BZ????2??ZgB2iB???????g?8???Z2?BZ??Z????B?g??8????i?????Z?8??2?B??B2?B????288B8g??8?8??i?B???g?8?8????????????????Z?8g?i??88????8?B??i2B??Z???B?8????8??2ggB????8??Z??????B??g??Z??2??B?i????????????2gZ?Z8??B???????i?Z????Z?g???gB??i???i?gZ????2g??2iB?2?i????g8g?8?2?8??8?B???2?????282??g8?iB8???g??2?28?g??2?8g???????g??Z?2??????B?8????2??????????8???g?8???Z?????i?2?Z??28????i?????iB??ggZgi??iZ?????28Z?Z??????8?B2????Z?????iB?g??2?Z??B???B88??????2?????g???Z??Z?B?8??Zi?828?Zg?gg22?g?2?2??g?8g???Z????Zi8g?????????????8??Z?2?2?Z?B????????B2?Z???2??i?Z?g?????Zg????g8?g8?2????B??
