jV?J2?V?Y?j???jF?F??FR??j77?27V?R?VZJ2?Y7???R?Z????YF???7?ZRY7???Fj?R?R?R?jF?2?ZY???j??Y?F2YF??jj???JZF??j7???FF?ZF7F????VV7?7FR?2Y???Z?VVj???RY?77????j7j?Y?ZF?FRZ????V?27?ZFZ?Y2jF2??VJ??Y?V2FJjR???VZ?7JZVJ???Yj?FVYZ?7?j?7?Z??R?F7???F7ZF?R?7J?jFZV?2FVJ?7?YZ?j?R?2j?7?V?ZRJ2?Z?FFJF?JJ7???R?Jj27???V???FV?????7?7j2??7?Yj?R??Z?7?YJ?R7ZJRJ7?VR????VR7Z?F?2?R22Z7R??j?27?J?V?YV?7?7RZ??F??2R?ZV????R?Y?2?F???Jj?2F??RV???RJZVY7R???Z???2YjYYJVj?7RJ??R?F?YJV?Y???2???Z??V??Rj?7YFR??2YY2FJ?2F2?2F2JZ??j???RYjY77?V2J?R??2??jF?J?j???YFZZ??Y???2?2?J??R?Z7R7V?Z??RFj?R?7J??2???j2?jZVjZ?VVV2?JRV?JJ??72ZY7??Vj??Y?j?VZ2j7ZZFZF7???7J?j?F?Y2YV??JY?VY?Z?Z?Z?j??V?2J?F?????Y?V??j2Yj7YR????V?R7???2Z???7?Y???77jF??JF??R??7??7?2?V2???V?Yj?7??2?V??VjZ72J272Z77?Jj??ZV2Y?7?Yj??J?2Z?Zj2?R?7j?2???F?Z2?VRVZF?F???Z?V2RRFRV??ZY??7Z???YYVjjJJ?RZjVV?FF??Z?Zj2?2R?????JZY2RFJFR7FJ?FV2????R?FV??Z?YV??VZZFF?jRZ7?R?F?RF?7RJ?ZVV7F??j?7???Z??V????j?Y7j??7j?Y7J?FFRV???j7?FJ???7?7?YVF??7F???
